// Jest Snapshot v1, https://goo.gl/fbAQLP

exports[`inspect should return depgraph 1`] = `
Object {
  "dependencyGraph": Object {
    "graph": Object {
      "nodes": Array [
        Object {
          "deps": Array [],
          "nodeId": "root-node",
          "pkgId": "packageName@1.0",
        },
      ],
      "rootNodeId": "root-node",
    },
    "pkgManager": Object {
      "name": "swift",
    },
    "pkgs": Array [
      Object {
        "id": "packageName@1.0",
        "info": Object {
          "name": "packageName",
          "version": "1.0",
        },
      },
    ],
    "schemaVersion": "1.3.0",
  },
  "plugin": Object {
    "name": "snyk-swiftpm-plugin",
    "runtime": "unknown",
    "targetFile": "./Package.swift",
  },
}
`;
